2025-07-18 14:53:56,739 - INFO - Sent extreme funding alert for: C
2025-07-18 14:53:56,908 - INFO - Posted funding summary - latest data from 2025-07-18 17:00:00 UTC
2025-07-18 15:00:24,201 - INFO - New funding data available! Last: Never, Current: 2025-07-18 17:00:00 UTC
2025-07-18 15:00:24,203 - DEBUG - No new extreme rate data since 2025-07-18 17:00:00 UTC
2025-07-18 15:00:24,681 - INFO - Posted funding summary - latest data from 2025-07-18 17:00:00 UTC
2025-07-18 15:06:31,935 - INFO - New funding data available! Last: Never, Current: 2025-07-18 17:00:00 UTC
2025-07-18 15:06:31,947 - DEBUG - No new extreme rate data since 2025-07-18 17:00:00 UTC
2025-07-18 15:06:32,418 - INFO - Posted funding summary - latest data from 2025-07-18 17:00:00 UTC
2025-07-18 15:21:31,876 - DEBUG - Checked for updates - no new funding data since 2025-07-18 17:00:00 UTC
2025-07-18 15:21:31,882 - DEBUG - No new extreme rate data since 2025-07-18 17:00:00 UTC
2025-07-18 15:36:31,901 - DEBUG - Checked for updates - no new funding data since 2025-07-18 17:00:00 UTC
2025-07-18 15:36:31,955 - DEBUG - No new extreme rate data since 2025-07-18 17:00:00 UTC
2025-07-18 15:51:31,927 - DEBUG - No new extreme rate data since 2025-07-18 17:00:00 UTC
2025-07-18 15:51:31,977 - DEBUG - Checked for updates - no new funding data since 2025-07-18 17:00:00 UTC
2025-07-18 16:06:31,872 - DEBUG - No new extreme rate data since 2025-07-18 17:00:00 UTC
2025-07-18 16:06:31,888 - DEBUG - Checked for updates - no new funding data since 2025-07-18 17:00:00 UTC
2025-07-18 16:21:32,056 - DEBUG - No new extreme rate data since 2025-07-18 17:00:00 UTC
2025-07-18 16:21:32,068 - DEBUG - Checked for updates - no new funding data since 2025-07-18 17:00:00 UTC
2025-07-18 16:36:31,887 - DEBUG - No new extreme rate data since 2025-07-18 17:00:00 UTC
2025-07-18 16:36:31,938 - DEBUG - Checked for updates - no new funding data since 2025-07-18 17:00:00 UTC
2025-07-18 16:51:31,933 - DEBUG - No new extreme rate data since 2025-07-18 17:00:00 UTC
2025-07-18 16:51:31,947 - DEBUG - Checked for updates - no new funding data since 2025-07-18 17:00:00 UTC
2025-07-18 17:06:31,930 - INFO - New funding data available! Last: 2025-07-18 17:00:00, Current: 2025-07-19 01:00:00 UTC
2025-07-18 17:06:31,935 - DEBUG - No new extreme rate data since 2025-07-19 01:00:00 UTC
2025-07-18 17:06:32,666 - INFO - Posted funding summary - latest data from 2025-07-19 01:00:00 UTC
2025-07-18 17:21:31,882 - DEBUG - No new extreme rate data since 2025-07-19 01:00:00 UTC
2025-07-18 17:21:31,895 - DEBUG - Checked for updates - no new funding data since 2025-07-19 01:00:00 UTC
2025-07-18 17:36:31,868 - DEBUG - Checked for updates - no new funding data since 2025-07-19 01:00:00 UTC
2025-07-18 17:36:31,877 - DEBUG - No new extreme rate data since 2025-07-19 01:00:00 UTC
2025-07-18 17:51:31,992 - DEBUG - Checked for updates - no new funding data since 2025-07-19 01:00:00 UTC
2025-07-18 17:51:32,094 - DEBUG - No new extreme rate data since 2025-07-19 01:00:00 UTC
2025-07-18 18:06:31,927 - DEBUG - No new extreme rate data since 2025-07-19 01:00:00 UTC
2025-07-18 18:06:31,992 - DEBUG - Checked for updates - no new funding data since 2025-07-19 01:00:00 UTC
2025-07-18 18:21:35,450 - DEBUG - Checked for updates - no new funding data since 2025-07-19 01:00:00 UTC
2025-07-18 18:21:35,452 - DEBUG - No new extreme rate data since 2025-07-19 01:00:00 UTC
2025-07-18 18:36:31,965 - DEBUG - No new extreme rate data since 2025-07-19 01:00:00 UTC
2025-07-18 18:36:31,995 - DEBUG - Checked for updates - no new funding data since 2025-07-19 01:00:00 UTC
2025-07-18 18:51:32,029 - DEBUG - Checked for updates - no new funding data since 2025-07-19 01:00:00 UTC
2025-07-18 18:51:32,065 - DEBUG - No new extreme rate data since 2025-07-19 01:00:00 UTC
2025-07-18 19:06:31,971 - DEBUG - No new extreme rate data since 2025-07-19 01:00:00 UTC
2025-07-18 19:06:31,996 - DEBUG - Checked for updates - no new funding data since 2025-07-19 01:00:00 UTC
2025-07-18 19:17:18,315 - INFO - New funding data available! Last: Never, Current: 2025-07-19 01:00:00 UTC
2025-07-18 19:17:18,327 - DEBUG - No new extreme rate data since 2025-07-19 01:00:00 UTC
2025-07-18 19:17:18,879 - INFO - Posted funding summary - latest data from 2025-07-19 01:00:00 UTC
2025-07-18 19:32:18,302 - DEBUG - No new extreme rate data since 2025-07-19 01:00:00 UTC
2025-07-18 19:32:18,324 - DEBUG - Checked for updates - no new funding data since 2025-07-19 01:00:00 UTC
2025-07-18 19:47:18,276 - DEBUG - No new extreme rate data since 2025-07-19 01:00:00 UTC
2025-07-18 19:47:18,308 - DEBUG - Checked for updates - no new funding data since 2025-07-19 01:00:00 UTC
2025-07-18 20:02:18,379 - DEBUG - Checked for updates - no new funding data since 2025-07-19 01:00:00 UTC
2025-07-18 20:02:18,451 - DEBUG - No new extreme rate data since 2025-07-19 01:00:00 UTC
2025-07-18 20:17:18,310 - DEBUG - No new extreme rate data since 2025-07-19 01:00:00 UTC
2025-07-18 20:17:18,352 - DEBUG - Checked for updates - no new funding data since 2025-07-19 01:00:00 UTC
2025-07-18 20:32:18,443 - DEBUG - No new extreme rate data since 2025-07-19 01:00:00 UTC
2025-07-18 20:32:18,643 - DEBUG - Checked for updates - no new funding data since 2025-07-19 01:00:00 UTC
2025-07-18 20:47:18,407 - DEBUG - No new extreme rate data since 2025-07-19 01:00:00 UTC
2025-07-18 20:47:18,427 - DEBUG - Checked for updates - no new funding data since 2025-07-19 01:00:00 UTC
2025-07-18 21:02:18,363 - DEBUG - Checked for updates - no new funding data since 2025-07-19 01:00:00 UTC
2025-07-18 21:02:18,391 - DEBUG - No new extreme rate data since 2025-07-19 01:00:00 UTC
2025-07-18 21:17:18,381 - DEBUG - No new extreme rate data since 2025-07-19 01:00:00 UTC
2025-07-18 21:17:18,407 - DEBUG - Checked for updates - no new funding data since 2025-07-19 01:00:00 UTC
2025-07-18 21:32:18,336 - DEBUG - Checked for updates - no new funding data since 2025-07-19 01:00:00 UTC
2025-07-18 21:32:18,361 - DEBUG - No new extreme rate data since 2025-07-19 01:00:00 UTC
