2025-07-18 12:42:08,887 - discord-bot.crypto - ERROR - Error in scanner command: local variable 'rates' referenced before assignment
None
2025-07-18 18:13:22,667 - discord.client - ERROR - Attempting a reconnect in 1.20s
(<class 'aiohttp.client_exceptions.ClientConnectorDNSError'>, ClientConnectorDNSError(ConnectionKey(host='gateway-us-east1-d.discord.gg', port=443, is_ssl=True, ssl=True, proxy=None, proxy_auth=None, proxy_headers_hash=None), gaierror(8, 'nodename nor servname provided, or not known')), <traceback object at 0x10dd1a540>)
Traceback (most recent call last):
  File "/Users/robin/Library/Python/3.9/lib/python/site-packages/aiohttp/connector.py", line 1532, in _create_direct_connection
    hosts = await self._resolve_host(host, port, traces=traces)
  File "/Users/robin/Library/Python/3.9/lib/python/site-packages/aiohttp/connector.py", line 1148, in _resolve_host
    return await asyncio.shield(resolved_host_task)
  File "/Users/robin/Library/Python/3.9/lib/python/site-packages/aiohttp/connector.py", line 1179, in _resolve_host_with_throttle
    addrs = await self._resolver.resolve(host, port, family=self._family)
  File "/Users/robin/Library/Python/3.9/lib/python/site-packages/aiohttp/resolver.py", line 40, in resolve
    infos = await self._loop.getaddrinfo(
  File "/Library/Developer/CommandLineTools/Library/Frameworks/Python3.framework/Versions/3.9/lib/python3.9/asyncio/base_events.py", line 856, in getaddrinfo
    return await self.run_in_executor(
  File "/Library/Developer/CommandLineTools/Library/Frameworks/Python3.framework/Versions/3.9/lib/python3.9/concurrent/futures/thread.py", line 52, in run
    result = self.fn(*self.args, **self.kwargs)
  File "/Library/Developer/CommandLineTools/Library/Frameworks/Python3.framework/Versions/3.9/lib/python3.9/socket.py", line 953, in getaddrinfo
    for res in _socket.getaddrinfo(host, port, family, type, proto, flags):
socket.gaierror: [Errno 8] nodename nor servname provided, or not known

The above exception was the direct cause of the following exception:

Traceback (most recent call last):
  File "/Users/robin/Library/Python/3.9/lib/python/site-packages/discord/client.py", line 701, in connect
    self.ws = await asyncio.wait_for(coro, timeout=60.0)
  File "/Library/Developer/CommandLineTools/Library/Frameworks/Python3.framework/Versions/3.9/lib/python3.9/asyncio/tasks.py", line 481, in wait_for
    return fut.result()
  File "/Users/robin/Library/Python/3.9/lib/python/site-packages/discord/gateway.py", line 375, in from_client
    socket = await client.http.ws_connect(str(url))
  File "/Users/robin/Library/Python/3.9/lib/python/site-packages/discord/http.py", line 554, in ws_connect
    return await self.__session.ws_connect(url, **kwargs)
  File "/Users/robin/Library/Python/3.9/lib/python/site-packages/aiohttp/client.py", line 1067, in _ws_connect
    resp = await self.request(
  File "/Users/robin/Library/Python/3.9/lib/python/site-packages/aiohttp/client.py", line 770, in _request
    resp = await handler(req)
  File "/Users/robin/Library/Python/3.9/lib/python/site-packages/aiohttp/client.py", line 725, in _connect_and_send_request
    conn = await self._connector.connect(
  File "/Users/robin/Library/Python/3.9/lib/python/site-packages/aiohttp/connector.py", line 642, in connect
    proto = await self._create_connection(req, traces, timeout)
  File "/Users/robin/Library/Python/3.9/lib/python/site-packages/aiohttp/connector.py", line 1209, in _create_connection
    _, proto = await self._create_direct_connection(req, traces, timeout)
  File "/Users/robin/Library/Python/3.9/lib/python/site-packages/aiohttp/connector.py", line 1538, in _create_direct_connection
    raise ClientConnectorDNSError(req.connection_key, exc) from exc
aiohttp.client_exceptions.ClientConnectorDNSError: Cannot connect to host gateway-us-east1-d.discord.gg:443 ssl:default [nodename nor servname provided, or not known]
2025-07-18 18:13:23,911 - discord.client - ERROR - Attempting a reconnect in 2.84s
(<class 'aiohttp.client_exceptions.ClientConnectorDNSError'>, ClientConnectorDNSError(ConnectionKey(host='gateway-us-east1-d.discord.gg', port=443, is_ssl=True, ssl=True, proxy=None, proxy_auth=None, proxy_headers_hash=None), gaierror(8, 'nodename nor servname provided, or not known')), <traceback object at 0x10de7bdc0>)
Traceback (most recent call last):
  File "/Users/robin/Library/Python/3.9/lib/python/site-packages/aiohttp/connector.py", line 1532, in _create_direct_connection
    hosts = await self._resolve_host(host, port, traces=traces)
  File "/Users/robin/Library/Python/3.9/lib/python/site-packages/aiohttp/connector.py", line 1148, in _resolve_host
    return await asyncio.shield(resolved_host_task)
  File "/Users/robin/Library/Python/3.9/lib/python/site-packages/aiohttp/connector.py", line 1179, in _resolve_host_with_throttle
    addrs = await self._resolver.resolve(host, port, family=self._family)
  File "/Users/robin/Library/Python/3.9/lib/python/site-packages/aiohttp/resolver.py", line 40, in resolve
    infos = await self._loop.getaddrinfo(
  File "/Library/Developer/CommandLineTools/Library/Frameworks/Python3.framework/Versions/3.9/lib/python3.9/asyncio/base_events.py", line 856, in getaddrinfo
    return await self.run_in_executor(
  File "/Library/Developer/CommandLineTools/Library/Frameworks/Python3.framework/Versions/3.9/lib/python3.9/concurrent/futures/thread.py", line 52, in run
    result = self.fn(*self.args, **self.kwargs)
  File "/Library/Developer/CommandLineTools/Library/Frameworks/Python3.framework/Versions/3.9/lib/python3.9/socket.py", line 953, in getaddrinfo
    for res in _socket.getaddrinfo(host, port, family, type, proto, flags):
socket.gaierror: [Errno 8] nodename nor servname provided, or not known

The above exception was the direct cause of the following exception:

Traceback (most recent call last):
  File "/Users/robin/Library/Python/3.9/lib/python/site-packages/discord/client.py", line 701, in connect
    self.ws = await asyncio.wait_for(coro, timeout=60.0)
  File "/Library/Developer/CommandLineTools/Library/Frameworks/Python3.framework/Versions/3.9/lib/python3.9/asyncio/tasks.py", line 481, in wait_for
    return fut.result()
  File "/Users/robin/Library/Python/3.9/lib/python/site-packages/discord/gateway.py", line 375, in from_client
    socket = await client.http.ws_connect(str(url))
  File "/Users/robin/Library/Python/3.9/lib/python/site-packages/discord/http.py", line 554, in ws_connect
    return await self.__session.ws_connect(url, **kwargs)
  File "/Users/robin/Library/Python/3.9/lib/python/site-packages/aiohttp/client.py", line 1067, in _ws_connect
    resp = await self.request(
  File "/Users/robin/Library/Python/3.9/lib/python/site-packages/aiohttp/client.py", line 770, in _request
    resp = await handler(req)
  File "/Users/robin/Library/Python/3.9/lib/python/site-packages/aiohttp/client.py", line 725, in _connect_and_send_request
    conn = await self._connector.connect(
  File "/Users/robin/Library/Python/3.9/lib/python/site-packages/aiohttp/connector.py", line 642, in connect
    proto = await self._create_connection(req, traces, timeout)
  File "/Users/robin/Library/Python/3.9/lib/python/site-packages/aiohttp/connector.py", line 1209, in _create_connection
    _, proto = await self._create_direct_connection(req, traces, timeout)
  File "/Users/robin/Library/Python/3.9/lib/python/site-packages/aiohttp/connector.py", line 1538, in _create_direct_connection
    raise ClientConnectorDNSError(req.connection_key, exc) from exc
aiohttp.client_exceptions.ClientConnectorDNSError: Cannot connect to host gateway-us-east1-d.discord.gg:443 ssl:default [nodename nor servname provided, or not known]
2025-07-18 18:13:26,753 - discord.client - ERROR - Attempting a reconnect in 6.54s
(<class 'aiohttp.client_exceptions.ClientConnectorDNSError'>, ClientConnectorDNSError(ConnectionKey(host='gateway-us-east1-d.discord.gg', port=443, is_ssl=True, ssl=True, proxy=None, proxy_auth=None, proxy_headers_hash=None), gaierror(8, 'nodename nor servname provided, or not known')), <traceback object at 0x10de3b400>)
Traceback (most recent call last):
  File "/Users/robin/Library/Python/3.9/lib/python/site-packages/aiohttp/connector.py", line 1532, in _create_direct_connection
    hosts = await self._resolve_host(host, port, traces=traces)
  File "/Users/robin/Library/Python/3.9/lib/python/site-packages/aiohttp/connector.py", line 1148, in _resolve_host
    return await asyncio.shield(resolved_host_task)
  File "/Users/robin/Library/Python/3.9/lib/python/site-packages/aiohttp/connector.py", line 1179, in _resolve_host_with_throttle
    addrs = await self._resolver.resolve(host, port, family=self._family)
  File "/Users/robin/Library/Python/3.9/lib/python/site-packages/aiohttp/resolver.py", line 40, in resolve
    infos = await self._loop.getaddrinfo(
  File "/Library/Developer/CommandLineTools/Library/Frameworks/Python3.framework/Versions/3.9/lib/python3.9/asyncio/base_events.py", line 856, in getaddrinfo
    return await self.run_in_executor(
  File "/Library/Developer/CommandLineTools/Library/Frameworks/Python3.framework/Versions/3.9/lib/python3.9/concurrent/futures/thread.py", line 52, in run
    result = self.fn(*self.args, **self.kwargs)
  File "/Library/Developer/CommandLineTools/Library/Frameworks/Python3.framework/Versions/3.9/lib/python3.9/socket.py", line 953, in getaddrinfo
    for res in _socket.getaddrinfo(host, port, family, type, proto, flags):
socket.gaierror: [Errno 8] nodename nor servname provided, or not known

The above exception was the direct cause of the following exception:

Traceback (most recent call last):
  File "/Users/robin/Library/Python/3.9/lib/python/site-packages/discord/client.py", line 701, in connect
    self.ws = await asyncio.wait_for(coro, timeout=60.0)
  File "/Library/Developer/CommandLineTools/Library/Frameworks/Python3.framework/Versions/3.9/lib/python3.9/asyncio/tasks.py", line 481, in wait_for
    return fut.result()
  File "/Users/robin/Library/Python/3.9/lib/python/site-packages/discord/gateway.py", line 375, in from_client
    socket = await client.http.ws_connect(str(url))
  File "/Users/robin/Library/Python/3.9/lib/python/site-packages/discord/http.py", line 554, in ws_connect
    return await self.__session.ws_connect(url, **kwargs)
  File "/Users/robin/Library/Python/3.9/lib/python/site-packages/aiohttp/client.py", line 1067, in _ws_connect
    resp = await self.request(
  File "/Users/robin/Library/Python/3.9/lib/python/site-packages/aiohttp/client.py", line 770, in _request
    resp = await handler(req)
  File "/Users/robin/Library/Python/3.9/lib/python/site-packages/aiohttp/client.py", line 725, in _connect_and_send_request
    conn = await self._connector.connect(
  File "/Users/robin/Library/Python/3.9/lib/python/site-packages/aiohttp/connector.py", line 642, in connect
    proto = await self._create_connection(req, traces, timeout)
  File "/Users/robin/Library/Python/3.9/lib/python/site-packages/aiohttp/connector.py", line 1209, in _create_connection
    _, proto = await self._create_direct_connection(req, traces, timeout)
  File "/Users/robin/Library/Python/3.9/lib/python/site-packages/aiohttp/connector.py", line 1538, in _create_direct_connection
    raise ClientConnectorDNSError(req.connection_key, exc) from exc
aiohttp.client_exceptions.ClientConnectorDNSError: Cannot connect to host gateway-us-east1-d.discord.gg:443 ssl:default [nodename nor servname provided, or not known]
2025-07-18 18:13:33,298 - discord.client - ERROR - Attempting a reconnect in 9.68s
(<class 'aiohttp.client_exceptions.ClientConnectorDNSError'>, ClientConnectorDNSError(ConnectionKey(host='gateway-us-east1-d.discord.gg', port=443, is_ssl=True, ssl=True, proxy=None, proxy_auth=None, proxy_headers_hash=None), gaierror(8, 'nodename nor servname provided, or not known')), <traceback object at 0x10dd2a9c0>)
Traceback (most recent call last):
  File "/Users/robin/Library/Python/3.9/lib/python/site-packages/aiohttp/connector.py", line 1532, in _create_direct_connection
    hosts = await self._resolve_host(host, port, traces=traces)
  File "/Users/robin/Library/Python/3.9/lib/python/site-packages/aiohttp/connector.py", line 1148, in _resolve_host
    return await asyncio.shield(resolved_host_task)
  File "/Users/robin/Library/Python/3.9/lib/python/site-packages/aiohttp/connector.py", line 1179, in _resolve_host_with_throttle
    addrs = await self._resolver.resolve(host, port, family=self._family)
  File "/Users/robin/Library/Python/3.9/lib/python/site-packages/aiohttp/resolver.py", line 40, in resolve
    infos = await self._loop.getaddrinfo(
  File "/Library/Developer/CommandLineTools/Library/Frameworks/Python3.framework/Versions/3.9/lib/python3.9/asyncio/base_events.py", line 856, in getaddrinfo
    return await self.run_in_executor(
  File "/Library/Developer/CommandLineTools/Library/Frameworks/Python3.framework/Versions/3.9/lib/python3.9/concurrent/futures/thread.py", line 52, in run
    result = self.fn(*self.args, **self.kwargs)
  File "/Library/Developer/CommandLineTools/Library/Frameworks/Python3.framework/Versions/3.9/lib/python3.9/socket.py", line 953, in getaddrinfo
    for res in _socket.getaddrinfo(host, port, family, type, proto, flags):
socket.gaierror: [Errno 8] nodename nor servname provided, or not known

The above exception was the direct cause of the following exception:

Traceback (most recent call last):
  File "/Users/robin/Library/Python/3.9/lib/python/site-packages/discord/client.py", line 701, in connect
    self.ws = await asyncio.wait_for(coro, timeout=60.0)
  File "/Library/Developer/CommandLineTools/Library/Frameworks/Python3.framework/Versions/3.9/lib/python3.9/asyncio/tasks.py", line 481, in wait_for
    return fut.result()
  File "/Users/robin/Library/Python/3.9/lib/python/site-packages/discord/gateway.py", line 375, in from_client
    socket = await client.http.ws_connect(str(url))
  File "/Users/robin/Library/Python/3.9/lib/python/site-packages/discord/http.py", line 554, in ws_connect
    return await self.__session.ws_connect(url, **kwargs)
  File "/Users/robin/Library/Python/3.9/lib/python/site-packages/aiohttp/client.py", line 1067, in _ws_connect
    resp = await self.request(
  File "/Users/robin/Library/Python/3.9/lib/python/site-packages/aiohttp/client.py", line 770, in _request
    resp = await handler(req)
  File "/Users/robin/Library/Python/3.9/lib/python/site-packages/aiohttp/client.py", line 725, in _connect_and_send_request
    conn = await self._connector.connect(
  File "/Users/robin/Library/Python/3.9/lib/python/site-packages/aiohttp/connector.py", line 642, in connect
    proto = await self._create_connection(req, traces, timeout)
  File "/Users/robin/Library/Python/3.9/lib/python/site-packages/aiohttp/connector.py", line 1209, in _create_connection
    _, proto = await self._create_direct_connection(req, traces, timeout)
  File "/Users/robin/Library/Python/3.9/lib/python/site-packages/aiohttp/connector.py", line 1538, in _create_direct_connection
    raise ClientConnectorDNSError(req.connection_key, exc) from exc
aiohttp.client_exceptions.ClientConnectorDNSError: Cannot connect to host gateway-us-east1-d.discord.gg:443 ssl:default [nodename nor servname provided, or not known]
2025-07-18 18:13:42,984 - discord.client - ERROR - Attempting a reconnect in 7.25s
(<class 'aiohttp.client_exceptions.ClientConnectorDNSError'>, ClientConnectorDNSError(ConnectionKey(host='gateway-us-east1-d.discord.gg', port=443, is_ssl=True, ssl=True, proxy=None, proxy_auth=None, proxy_headers_hash=None), gaierror(8, 'nodename nor servname provided, or not known')), <traceback object at 0x10dd9ab00>)
Traceback (most recent call last):
  File "/Users/robin/Library/Python/3.9/lib/python/site-packages/aiohttp/connector.py", line 1532, in _create_direct_connection
    hosts = await self._resolve_host(host, port, traces=traces)
  File "/Users/robin/Library/Python/3.9/lib/python/site-packages/aiohttp/connector.py", line 1148, in _resolve_host
    return await asyncio.shield(resolved_host_task)
  File "/Users/robin/Library/Python/3.9/lib/python/site-packages/aiohttp/connector.py", line 1179, in _resolve_host_with_throttle
    addrs = await self._resolver.resolve(host, port, family=self._family)
  File "/Users/robin/Library/Python/3.9/lib/python/site-packages/aiohttp/resolver.py", line 40, in resolve
    infos = await self._loop.getaddrinfo(
  File "/Library/Developer/CommandLineTools/Library/Frameworks/Python3.framework/Versions/3.9/lib/python3.9/asyncio/base_events.py", line 856, in getaddrinfo
    return await self.run_in_executor(
  File "/Library/Developer/CommandLineTools/Library/Frameworks/Python3.framework/Versions/3.9/lib/python3.9/concurrent/futures/thread.py", line 52, in run
    result = self.fn(*self.args, **self.kwargs)
  File "/Library/Developer/CommandLineTools/Library/Frameworks/Python3.framework/Versions/3.9/lib/python3.9/socket.py", line 953, in getaddrinfo
    for res in _socket.getaddrinfo(host, port, family, type, proto, flags):
socket.gaierror: [Errno 8] nodename nor servname provided, or not known

The above exception was the direct cause of the following exception:

Traceback (most recent call last):
  File "/Users/robin/Library/Python/3.9/lib/python/site-packages/discord/client.py", line 701, in connect
    self.ws = await asyncio.wait_for(coro, timeout=60.0)
  File "/Library/Developer/CommandLineTools/Library/Frameworks/Python3.framework/Versions/3.9/lib/python3.9/asyncio/tasks.py", line 481, in wait_for
    return fut.result()
  File "/Users/robin/Library/Python/3.9/lib/python/site-packages/discord/gateway.py", line 375, in from_client
    socket = await client.http.ws_connect(str(url))
  File "/Users/robin/Library/Python/3.9/lib/python/site-packages/discord/http.py", line 554, in ws_connect
    return await self.__session.ws_connect(url, **kwargs)
  File "/Users/robin/Library/Python/3.9/lib/python/site-packages/aiohttp/client.py", line 1067, in _ws_connect
    resp = await self.request(
  File "/Users/robin/Library/Python/3.9/lib/python/site-packages/aiohttp/client.py", line 770, in _request
    resp = await handler(req)
  File "/Users/robin/Library/Python/3.9/lib/python/site-packages/aiohttp/client.py", line 725, in _connect_and_send_request
    conn = await self._connector.connect(
  File "/Users/robin/Library/Python/3.9/lib/python/site-packages/aiohttp/connector.py", line 642, in connect
    proto = await self._create_connection(req, traces, timeout)
  File "/Users/robin/Library/Python/3.9/lib/python/site-packages/aiohttp/connector.py", line 1209, in _create_connection
    _, proto = await self._create_direct_connection(req, traces, timeout)
  File "/Users/robin/Library/Python/3.9/lib/python/site-packages/aiohttp/connector.py", line 1538, in _create_direct_connection
    raise ClientConnectorDNSError(req.connection_key, exc) from exc
aiohttp.client_exceptions.ClientConnectorDNSError: Cannot connect to host gateway-us-east1-d.discord.gg:443 ssl:default [nodename nor servname provided, or not known]
2025-07-18 18:13:50,234 - discord.client - ERROR - Attempting a reconnect in 30.84s
(<class 'aiohttp.client_exceptions.ClientConnectorDNSError'>, ClientConnectorDNSError(ConnectionKey(host='gateway-us-east1-d.discord.gg', port=443, is_ssl=True, ssl=True, proxy=None, proxy_auth=None, proxy_headers_hash=None), gaierror(8, 'nodename nor servname provided, or not known')), <traceback object at 0x10dd2a500>)
Traceback (most recent call last):
  File "/Users/robin/Library/Python/3.9/lib/python/site-packages/aiohttp/connector.py", line 1532, in _create_direct_connection
    hosts = await self._resolve_host(host, port, traces=traces)
  File "/Users/robin/Library/Python/3.9/lib/python/site-packages/aiohttp/connector.py", line 1148, in _resolve_host
    return await asyncio.shield(resolved_host_task)
  File "/Users/robin/Library/Python/3.9/lib/python/site-packages/aiohttp/connector.py", line 1179, in _resolve_host_with_throttle
    addrs = await self._resolver.resolve(host, port, family=self._family)
  File "/Users/robin/Library/Python/3.9/lib/python/site-packages/aiohttp/resolver.py", line 40, in resolve
    infos = await self._loop.getaddrinfo(
  File "/Library/Developer/CommandLineTools/Library/Frameworks/Python3.framework/Versions/3.9/lib/python3.9/asyncio/base_events.py", line 856, in getaddrinfo
    return await self.run_in_executor(
  File "/Library/Developer/CommandLineTools/Library/Frameworks/Python3.framework/Versions/3.9/lib/python3.9/concurrent/futures/thread.py", line 52, in run
    result = self.fn(*self.args, **self.kwargs)
  File "/Library/Developer/CommandLineTools/Library/Frameworks/Python3.framework/Versions/3.9/lib/python3.9/socket.py", line 953, in getaddrinfo
    for res in _socket.getaddrinfo(host, port, family, type, proto, flags):
socket.gaierror: [Errno 8] nodename nor servname provided, or not known

The above exception was the direct cause of the following exception:

Traceback (most recent call last):
  File "/Users/robin/Library/Python/3.9/lib/python/site-packages/discord/client.py", line 701, in connect
    self.ws = await asyncio.wait_for(coro, timeout=60.0)
  File "/Library/Developer/CommandLineTools/Library/Frameworks/Python3.framework/Versions/3.9/lib/python3.9/asyncio/tasks.py", line 481, in wait_for
    return fut.result()
  File "/Users/robin/Library/Python/3.9/lib/python/site-packages/discord/gateway.py", line 375, in from_client
    socket = await client.http.ws_connect(str(url))
  File "/Users/robin/Library/Python/3.9/lib/python/site-packages/discord/http.py", line 554, in ws_connect
    return await self.__session.ws_connect(url, **kwargs)
  File "/Users/robin/Library/Python/3.9/lib/python/site-packages/aiohttp/client.py", line 1067, in _ws_connect
    resp = await self.request(
  File "/Users/robin/Library/Python/3.9/lib/python/site-packages/aiohttp/client.py", line 770, in _request
    resp = await handler(req)
  File "/Users/robin/Library/Python/3.9/lib/python/site-packages/aiohttp/client.py", line 725, in _connect_and_send_request
    conn = await self._connector.connect(
  File "/Users/robin/Library/Python/3.9/lib/python/site-packages/aiohttp/connector.py", line 642, in connect
    proto = await self._create_connection(req, traces, timeout)
  File "/Users/robin/Library/Python/3.9/lib/python/site-packages/aiohttp/connector.py", line 1209, in _create_connection
    _, proto = await self._create_direct_connection(req, traces, timeout)
  File "/Users/robin/Library/Python/3.9/lib/python/site-packages/aiohttp/connector.py", line 1538, in _create_direct_connection
    raise ClientConnectorDNSError(req.connection_key, exc) from exc
aiohttp.client_exceptions.ClientConnectorDNSError: Cannot connect to host gateway-us-east1-d.discord.gg:443 ssl:default [nodename nor servname provided, or not known]
2025-07-18 18:14:03,463 - discord-bot.timezone - ERROR - Unexpected error updating Asia/Kolkata: Cannot connect to host discord.com:443 ssl:default [nodename nor servname provided, or not known]
(<class 'aiohttp.client_exceptions.ClientConnectorDNSError'>, ClientConnectorDNSError(ConnectionKey(host='discord.com', port=443, is_ssl=True, ssl=True, proxy=None, proxy_auth=None, proxy_headers_hash=None), gaierror(8, 'nodename nor servname provided, or not known')), <traceback object at 0x10dd38a40>)
Traceback (most recent call last):
  File "/Users/robin/Library/Python/3.9/lib/python/site-packages/aiohttp/connector.py", line 1532, in _create_direct_connection
    hosts = await self._resolve_host(host, port, traces=traces)
  File "/Users/robin/Library/Python/3.9/lib/python/site-packages/aiohttp/connector.py", line 1148, in _resolve_host
    return await asyncio.shield(resolved_host_task)
  File "/Users/robin/Library/Python/3.9/lib/python/site-packages/aiohttp/connector.py", line 1179, in _resolve_host_with_throttle
    addrs = await self._resolver.resolve(host, port, family=self._family)
  File "/Users/robin/Library/Python/3.9/lib/python/site-packages/aiohttp/resolver.py", line 40, in resolve
    infos = await self._loop.getaddrinfo(
  File "/Library/Developer/CommandLineTools/Library/Frameworks/Python3.framework/Versions/3.9/lib/python3.9/asyncio/base_events.py", line 856, in getaddrinfo
    return await self.run_in_executor(
  File "/Library/Developer/CommandLineTools/Library/Frameworks/Python3.framework/Versions/3.9/lib/python3.9/concurrent/futures/thread.py", line 52, in run
    result = self.fn(*self.args, **self.kwargs)
  File "/Library/Developer/CommandLineTools/Library/Frameworks/Python3.framework/Versions/3.9/lib/python3.9/socket.py", line 953, in getaddrinfo
    for res in _socket.getaddrinfo(host, port, family, type, proto, flags):
socket.gaierror: [Errno 8] nodename nor servname provided, or not known

The above exception was the direct cause of the following exception:

Traceback (most recent call last):
  File "/Users/robin/Documents/foaftech/webdev/crypto-site/discord-bot/cogs/timezone_cog.py", line 63, in update_timezone_channels
    await channel.edit(name=new_name)
  File "/Users/robin/Library/Python/3.9/lib/python/site-packages/discord/channel.py", line 1618, in edit
    payload = await self._edit(options, reason=reason)
  File "/Users/robin/Library/Python/3.9/lib/python/site-packages/discord/abc.py", line 539, in _edit
    return await self._state.http.edit_channel(self.id, reason=reason, **options)
  File "/Users/robin/Library/Python/3.9/lib/python/site-packages/discord/http.py", line 642, in request
    async with self.__session.request(method, url, **kwargs) as response:
  File "/Users/robin/Library/Python/3.9/lib/python/site-packages/aiohttp/client.py", line 1488, in __aenter__
    self._resp: _RetType = await self._coro
  File "/Users/robin/Library/Python/3.9/lib/python/site-packages/aiohttp/client.py", line 770, in _request
    resp = await handler(req)
  File "/Users/robin/Library/Python/3.9/lib/python/site-packages/aiohttp/client.py", line 725, in _connect_and_send_request
    conn = await self._connector.connect(
  File "/Users/robin/Library/Python/3.9/lib/python/site-packages/aiohttp/connector.py", line 642, in connect
    proto = await self._create_connection(req, traces, timeout)
  File "/Users/robin/Library/Python/3.9/lib/python/site-packages/aiohttp/connector.py", line 1209, in _create_connection
    _, proto = await self._create_direct_connection(req, traces, timeout)
  File "/Users/robin/Library/Python/3.9/lib/python/site-packages/aiohttp/connector.py", line 1538, in _create_direct_connection
    raise ClientConnectorDNSError(req.connection_key, exc) from exc
aiohttp.client_exceptions.ClientConnectorDNSError: Cannot connect to host discord.com:443 ssl:default [nodename nor servname provided, or not known]
