2025-07-18 10:51:30,668 - INFO - Performing immediate market events update...
2025-07-18 10:51:31,008 - INFO - Updated market event channel → 🎯 NY Close in 2h 8m
2025-07-18 10:51:31,542 - INFO - Updated pinned market times message
2025-07-18 10:51:31,543 - INFO - Waiting 209 seconds until next 5-minute mark...
2025-07-18 10:55:00,859 - INFO - Updated market event channel → 🎯 NY Close in 2h 5m
2025-07-18 10:55:01,331 - INFO - Updated pinned market times message
2025-07-18 11:01:31,377 - INFO - Updated market event channel → 🎯 NY Close in 2h
2025-07-18 11:01:31,962 - INFO - Updated pinned market times message
2025-07-18 11:03:45,185 - INFO - Performing immediate market events update...
2025-07-18 11:03:45,560 - INFO - Updated market event channel → 🎯 NY Close in 1h 56m
2025-07-18 11:03:46,083 - INFO - Updated pinned market times message
2025-07-18 11:03:46,083 - INFO - Waiting 74 seconds until next 5-minute mark...
2025-07-18 11:11:31,729 - INFO - Updated market event channel → 🎯 NY Close in 1h 55m
2025-07-18 11:11:32,177 - INFO - Updated pinned market times message
2025-07-18 11:11:32,380 - INFO - Updated market event channel → 🎯 NY Close in 1h 48m
2025-07-18 11:11:32,839 - INFO - Updated pinned market times message
2025-07-18 11:21:32,109 - INFO - Updated market event channel → 🎯 NY Close in 1h 45m
2025-07-18 11:21:32,591 - INFO - Updated pinned market times message
2025-07-18 11:21:32,833 - INFO - Updated market event channel → 🎯 NY Close in 1h 38m
2025-07-18 11:21:33,286 - INFO - Updated pinned market times message
2025-07-18 11:31:32,341 - INFO - Updated market event channel → 🎯 NY Close in 1h 35m
2025-07-18 11:31:32,757 - INFO - Updated pinned market times message
2025-07-18 11:31:32,949 - INFO - Updated market event channel → 🎯 NY Close in 1h 28m
2025-07-18 11:31:33,434 - INFO - Updated pinned market times message
2025-07-18 11:41:32,733 - INFO - Updated market event channel → 🎯 NY Close in 1h 25m
2025-07-18 11:41:33,402 - INFO - Updated pinned market times message
2025-07-18 11:41:33,589 - INFO - Updated market event channel → 🎯 NY Close in 1h 18m
2025-07-18 11:41:34,309 - INFO - Updated pinned market times message
2025-07-18 11:51:33,058 - INFO - Updated market event channel → 🎯 NY Close in 1h 15m
2025-07-18 11:51:33,672 - INFO - Updated pinned market times message
2025-07-18 11:51:34,174 - INFO - Updated market event channel → 🎯 NY Close in 1h 8m
2025-07-18 11:51:34,733 - INFO - Updated pinned market times message
2025-07-18 12:01:35,831 - INFO - Updated market event channel → 🎯 NY Close in 1h 5m
2025-07-18 12:01:37,479 - INFO - Updated pinned market times message
2025-07-18 12:01:37,688 - INFO - Updated market event channel → 🎯 NY Close in 58m
2025-07-18 12:01:38,581 - INFO - Updated pinned market times message
2025-07-18 12:02:18,414 - INFO - Performing immediate market events update...
2025-07-18 12:02:18,828 - INFO - Updated market event channel → 🎯 NY Close in 58m
2025-07-18 12:02:19,310 - INFO - Updated pinned market times message
2025-07-18 12:02:19,310 - INFO - Waiting 161 seconds until next 5-minute mark...
2025-07-18 12:11:35,815 - INFO - Updated market event channel → 🎯 NY Close in 55m
2025-07-18 12:11:36,233 - INFO - Updated pinned market times message
2025-07-18 12:11:36,527 - INFO - Updated market event channel → 🎯 NY Close in 48m
2025-07-18 12:11:36,986 - INFO - Updated pinned market times message
2025-07-18 12:21:36,049 - INFO - Updated market event channel → 🎯 NY Close in 45m
2025-07-18 12:21:36,559 - INFO - Updated pinned market times message
2025-07-18 12:21:36,775 - INFO - Updated market event channel → 🎯 NY Close in 38m
2025-07-18 12:21:37,275 - INFO - Updated pinned market times message
2025-07-18 12:31:36,328 - INFO - Updated market event channel → 🎯 NY Close in 35m
2025-07-18 12:31:36,805 - INFO - Updated pinned market times message
2025-07-18 12:31:36,989 - INFO - Updated market event channel → 🎯 NY Close in 28m
2025-07-18 12:31:37,423 - INFO - Updated pinned market times message
2025-07-18 12:41:12,268 - INFO - Performing immediate market events update...
2025-07-18 12:41:36,590 - INFO - Updated market event channel → 🎯 NY Close in 19m
2025-07-18 12:41:37,074 - INFO - Updated pinned market times message
2025-07-18 12:41:37,074 - INFO - Waiting 203 seconds until next 5-minute mark...
2025-07-18 12:43:00,217 - INFO - Performing immediate market events update...
2025-07-18 12:43:00,670 - INFO - Updated market event channel → 🎯 NY Close in 17m
2025-07-18 12:43:01,124 - INFO - Updated pinned market times message
2025-07-18 12:43:01,125 - INFO - Waiting 119 seconds until next 5-minute mark...
2025-07-18 12:45:53,226 - INFO - Performing immediate market events update...
2025-07-18 12:49:25,588 - INFO - Performing immediate market events update...
2025-07-18 12:51:36,942 - INFO - Updated market event channel → 🎯 NY Close in 10m
2025-07-18 12:51:37,458 - INFO - Updated pinned market times message
2025-07-18 12:51:37,458 - INFO - Waiting 203 seconds until next 5-minute mark...
2025-07-18 12:55:00,759 - INFO - Updated market event channel → 🎯 NY Closing Now
2025-07-18 12:55:01,165 - INFO - Updated pinned market times message
2025-07-18 13:00:00,450 - DEBUG - Market event channel already showing 🎯 NY Closing Now, skipping update
2025-07-18 13:00:01,162 - INFO - Updated pinned market times message
2025-07-18 13:05:00,841 - INFO - Updated market event channel → 🎯 Asia Open in 3h 55m
2025-07-18 13:05:01,311 - INFO - Updated pinned market times message
2025-07-18 13:09:37,333 - INFO - Performing immediate market events update...
2025-07-18 13:09:37,560 - INFO - Updated market event channel → 🎯 Asia Open in 3h 50m
2025-07-18 13:09:38,161 - INFO - Updated pinned market times message
2025-07-18 13:09:38,161 - INFO - Waiting 22 seconds until next 5-minute mark...
2025-07-18 13:10:00,164 - DEBUG - Market event channel already showing 🎯 Asia Open in 3h 50m, skipping update
2025-07-18 13:10:01,097 - INFO - Updated pinned market times message
2025-07-18 13:15:01,123 - INFO - Updated market event channel → 🎯 Asia Open in 3h 45m
2025-07-18 13:15:01,672 - INFO - Updated pinned market times message
2025-07-18 13:20:00,532 - INFO - Updated market event channel → 🎯 Asia Open in 3h 40m
2025-07-18 13:20:01,029 - INFO - Updated pinned market times message
2025-07-18 13:25:01,357 - INFO - Updated market event channel → 🎯 Asia Open in 3h 35m
2025-07-18 13:25:01,858 - INFO - Updated pinned market times message
2025-07-18 13:30:00,555 - INFO - Updated market event channel → 🎯 Asia Open in 3h 30m
2025-07-18 13:30:01,119 - INFO - Updated pinned market times message
2025-07-18 13:35:01,692 - INFO - Updated market event channel → 🎯 Asia Open in 3h 25m
2025-07-18 13:35:02,176 - INFO - Updated pinned market times message
2025-07-18 13:40:00,460 - INFO - Updated market event channel → 🎯 Asia Open in 3h 20m
2025-07-18 13:40:00,961 - INFO - Updated pinned market times message
2025-07-18 13:45:01,891 - INFO - Updated market event channel → 🎯 Asia Open in 3h 15m
2025-07-18 13:45:02,337 - INFO - Updated pinned market times message
2025-07-18 13:50:00,467 - INFO - Updated market event channel → 🎯 Asia Open in 3h 10m
2025-07-18 13:50:01,031 - INFO - Updated pinned market times message
2025-07-18 13:55:02,113 - INFO - Updated market event channel → 🎯 Asia Open in 3h 5m
2025-07-18 13:55:02,514 - INFO - Updated pinned market times message
2025-07-18 14:00:00,546 - INFO - Updated market event channel → 🎯 Asia Open in 3h
2025-07-18 14:00:01,517 - INFO - Updated pinned market times message
2025-07-18 14:05:04,432 - INFO - Performing immediate market events update...
2025-07-18 14:05:04,875 - INFO - Updated market event channel → 🎯 Asia Open in 2h 55m
2025-07-18 14:05:05,400 - INFO - Updated pinned market times message
2025-07-18 14:05:05,401 - DEBUG - Market event channel already showing 🎯 Asia Open in 2h 55m, skipping update
2025-07-18 14:05:05,951 - INFO - Updated pinned market times message
2025-07-18 14:10:05,795 - INFO - Updated market event channel → 🎯 Asia Open in 2h 50m
2025-07-18 14:10:06,208 - INFO - Updated pinned market times message
2025-07-18 14:13:20,939 - INFO - Performing immediate market events update...
2025-07-18 14:15:05,146 - INFO - Updated market event channel → 🎯 Asia Open in 2h 45m
2025-07-18 14:15:05,626 - INFO - Updated pinned market times message
2025-07-18 14:15:05,626 - DEBUG - Market event channel already showing 🎯 Asia Open in 2h 45m, skipping update
2025-07-18 14:15:06,283 - INFO - Updated pinned market times message
2025-07-18 14:20:05,916 - INFO - Updated market event channel → 🎯 Asia Open in 2h 40m
2025-07-18 14:20:06,370 - INFO - Updated pinned market times message
